---
source: crates/hxy-calculator/tests/snapshots.rs
expression: parsed
---
Binary(
    Add,
    Literal(
        1,
    ),
    Path(
        Path {
            root: "png",
            instance: None,
            segments: [
                Name(
                    "length",
                ),
            ],
            meta: None,
        },
    ),
)
