---
source: crates/hxy-010-lang/tests/lexer_snapshots.rs
expression: tokenize(src).unwrap()
---
[
    Token {
        kind: Keyword(
            Typedef,
        ),
        span: Span {
            start: 0,
            end: 7,
        },
    },
    Token {
        kind: Keyword(
            Struct,
        ),
        span: Span {
            start: 8,
            end: 14,
        },
    },
    Token {
        kind: Keyword(
            Enum,
        ),
        span: Span {
            start: 15,
            end: 19,
        },
    },
    Token {
        kind: Ident(
            "MyType",
        ),
        span: Span {
            start: 20,
            end: 26,
        },
    },
    Token {
        kind: Ident(
            "x",
        ),
        span: Span {
            start: 27,
            end: 28,
        },
    },
    Token {
        kind: Ident(
            "_private",
        ),
        span: Span {
            start: 29,
            end: 37,
        },
    },
    Token {
        kind: Ident(
            "foo123",
        ),
        span: Span {
            start: 38,
            end: 44,
        },
    },
    Token {
        kind: Keyword(
            Return,
        ),
        span: Span {
            start: 45,
            end: 51,
        },
    },
]
